<?xml version="1.0" encoding="UTF-8"?>
<testsuites name="jest tests" tests="1" failures="0" errors="0" time="1.002">
  <testsuite name="undefined" errors="0" failures="0" skipped="0" timestamp="2023-10-17T11:01:39" time="0.783" tests="1">
    <testcase classname=" Test cdt" name=" Test cdt" time="0.027">
    </testcase>
  </testsuite>
</testsuites>